=== Cinematica Directa 6 GDL real -- STM32F767ZI @ 216MHz ===
Presiona el boton de usuario (B1) para repetir las 3 pruebas.

=== Caso 1 [extendido] q=0 ===
  entradas (grados): th1=0.0 th2=0.0 th3=0.0 th4=0.0 th5=0.0 th6=0.0
  x=0.4200 m  y=-0.0000 m  z=0.0650 m
  yaw=-90.00 deg  pitch=-0.00 deg  roll=-90.00 deg
  ciclos (1 ejecucion, en frio)    = 8428  (39.019 us @ 216MHz)
  ciclos (promedio 1000 ejecuciones) = 7452  (34.500 us @ 216MHz)

=== Caso 2 [SINGULARIDAD del 6R] th5=90 th6=90 ===
  entradas (grados): th1=0.0 th2=0.0 th3=0.0 th4=0.0 th5=90.0 th6=90.0
  x=0.2470 m  y=0.1730 m  z=0.0650 m
  yaw=0.00 deg  pitch=90.00 deg  roll=180.00 deg
  ciclos (1 ejecucion, en frio)    = 7232  (33.481 us @ 216MHz)
  ciclos (promedio 1000 ejecuciones) = 7240  (33.519 us @ 216MHz)

=== Caso 3 [generico] ===
  entradas (grados): th1=30.0 th2=20.0 th3=-15.0 th4=45.0 th5=60.0 th6=-70.0
  x=0.2215 m  y=0.2502 m  z=0.2269 m
  yaw=-42.50 deg  pitch=-34.56 deg  roll=-37.47 deg
  ciclos (1 ejecucion, en frio)    = 10636  (49.241 us @ 216MHz)
  ciclos (promedio 1000 ejecuciones) = 10545  (48.819 us @ 216MHz)


=== Cinematica Directa 6 GDL real -- STM32F767ZI @ 16MHz (HSI, sin PLL) ===
Presiona el boton de usuario (B1) para repetir las 3 pruebas.

=== Caso 1 [extendido] q=0 ===
  entradas (grados): th1=0.0 th2=0.0 th3=0.0 th4=0.0 th5=0.0 th6=0.0
  x=0.4200 m  y=-0.0000 m  z=0.0650 m
  yaw=-90.00 deg  pitch=-0.00 deg  roll=-90.00 deg
  ciclos (1 ejecucion, en frio)    = 7849  (490.562 us @ 16MHz)
  ciclos (promedio 1000 ejecuciones) = 7451  (465.688 us @ 16MHz)

=== Caso 2 [SINGULARIDAD del 6R] th5=90 th6=90 ===
  entradas (grados): th1=0.0 th2=0.0 th3=0.0 th4=0.0 th5=90.0 th6=90.0
  x=0.2470 m  y=0.1730 m  z=0.0650 m
  yaw=0.00 deg  pitch=90.00 deg  roll=180.00 deg
  ciclos (1 ejecucion, en frio)    = 7234  (452.125 us @ 16MHz)
  ciclos (promedio 1000 ejecuciones) = 7239  (452.438 us @ 16MHz)

=== Caso 3 [generico] ===
  entradas (grados): th1=30.0 th2=20.0 th3=-15.0 th4=45.0 th5=60.0 th6=-70.0
  x=0.2215 m  y=0.2502 m  z=0.2269 m
  yaw=-42.50 deg  pitch=-34.56 deg  roll=-37.47 deg
  ciclos (1 ejecucion, en frio)    = 10581  (661.312 us @ 16MHz)
  ciclos (promedio 1000 ejecuciones) = 10546  (659.125 us @ 16MHz)
